 
****************************************
Report : area
Design : rv32ima_mcu
Version: V-2023.12-SP5-3
Date   : Sat Sep  5 01:38:23 2026
****************************************

Library(s) Used:

    saed32rvt_ss0p75v125c (File: /home/rithicks/ultra_syn/minimal_mcu/pdk/saed32rvt_ss0p75v125c.db)

Number of ports:                         4013
Number of nets:                        821088
Number of cells:                       817310
Number of combinational cells:         553292
Number of sequential cells:            263862
Number of macros/black boxes:               0
Number of buf/inv:                      95370
Number of references:                       6

Combinational area:            1334892.377067
Buf/Inv area:                   160439.333734
Noncombinational area:         1744405.843188
Macro/Black Box area:                0.000000
Net Interconnect area:         3433831.724746

Total cell area:               3079298.220255
Total area:                    6513129.945001
1
